{
  "ok": true,
  "studioMcp": "C:\\Users\\Jennarong Pinjai\\AppData\\Local\\Roblox\\Versions\\version-9fe94fb0e9d84c25\\StudioMCP.exe",
  "results": [
    {
      "ok": true,
      "flow": "camera-tunnel-frame-profile",
      "selectedStudio": {
        "id": "be1067b9-90ed-414f-8f5c-12f467f114bc",
        "name": "PunchWallRPGPlayable_v1_final.rbxlx"
      },
      "selectedPlace": {
        "name": "PunchWallRPGPlayable_v1_final.rbxlx",
        "placeId": "0",
        "datamodelType": "Edit"
      },
      "checks": [
        "start play",
        "wait for gameplay runtime",
        "prepare long high-power tunnel run",
        "arm bounded whole-workload frame observer",
        "sample and freshly verify eighteen high-power tunnel punches",
        "finish frame observation and export tagged console evidence",
        "capture console",
        "console clean (identified Studio input warnings: 0)",
        "stop play"
      ],
      "consoleClassifications": [
        {
          "source": "console",
          "label": "console clean",
          "ok": true,
          "originalText": "[PunchWallRPG] Studio session is EPHEMERAL by default; live profile reads and writes are disabled.\n[SMASH_CAMERA_TUNNEL_FRAME_PROFILE_V1]{\"contract\":\"CameraTunnelFrameProfileV1\",\"over50Ms\":0,\"watchdogExpired\":false,\"viewportStart\":{\"y\":801,\"x\":1277},\"recoveryCountersAvailable\":true,\"measurement\":\"whole-workload RenderStepped intervals; not isolated camera algorithm cost\",\"p95Ms\":18.846100196242334,\"initialWindowFocus\":\"unknown; this observer does not establish foreground state\",\"sampleLimitHit\":false,\"available\":true,\"recovery\":{\"lastSearchCandidates\":48,\"cacheHitsSinceReset\":68,\"lastSearchSweeps\":0,\"lastReason\":\"no-readable-clear-route\",\"searchesSinceReset\":16,\"remaining\":0},\"watchdogCancelled\":true,\"runId\":\"05e24bcd-8bdd-4729-8796-684516dd6f7f\",\"disconnectFailures\":0,\"maxMs\":42.14959964156151,\"complete\":true,\"sampleCap\":16384,\"p99Ms\":27.91059948503971,\"over100Ms\":0,\"viewportEnd\":{\"y\":801,\"x\":1277},\"frameCount\":1161,\"disconnected\":true,\"watchdogSeconds\":95,\"wallSeconds\":19.466224200004946,\"timedOut\":false,\"observedCount\":1161,\"sampledSeconds\":19.44960780441761,\"p50Ms\":16.701100394129754,\"reason\":\"complete\",\"droppedSamples\":0}",
          "identifiedToolWarningCount": 0,
          "identifiedToolWarnings": [],
          "retainedLines": [
            {
              "lineNumber": 1,
              "text": "[PunchWallRPG] Studio session is EPHEMERAL by default; live profile reads and writes are disabled."
            },
            {
              "lineNumber": 2,
              "text": "[SMASH_CAMERA_TUNNEL_FRAME_PROFILE_V1]{\"contract\":\"CameraTunnelFrameProfileV1\",\"over50Ms\":0,\"watchdogExpired\":false,\"viewportStart\":{\"y\":801,\"x\":1277},\"recoveryCountersAvailable\":true,\"measurement\":\"whole-workload RenderStepped intervals; not isolated camera algorithm cost\",\"p95Ms\":18.846100196242334,\"initialWindowFocus\":\"unknown; this observer does not establish foreground state\",\"sampleLimitHit\":false,\"available\":true,\"recovery\":{\"lastSearchCandidates\":48,\"cacheHitsSinceReset\":68,\"lastSearchSweeps\":0,\"lastReason\":\"no-readable-clear-route\",\"searchesSinceReset\":16,\"remaining\":0},\"watchdogCancelled\":true,\"runId\":\"05e24bcd-8bdd-4729-8796-684516dd6f7f\",\"disconnectFailures\":0,\"maxMs\":42.14959964156151,\"complete\":true,\"sampleCap\":16384,\"p99Ms\":27.91059948503971,\"over100Ms\":0,\"viewportEnd\":{\"y\":801,\"x\":1277},\"frameCount\":1161,\"disconnected\":true,\"watchdogSeconds\":95,\"wallSeconds\":19.466224200004946,\"timedOut\":false,\"observedCount\":1161,\"sampledSeconds\":19.44960780441761,\"p50Ms\":16.701100394129754,\"reason\":\"complete\",\"droppedSamples\":0}"
            }
          ],
          "suspiciousLines": []
        }
      ]
    }
  ]
}
