{
  "ok": true,
  "studioMcp": "C:\\Users\\Jennarong Pinjai\\AppData\\Local\\Roblox\\Versions\\version-9fe94fb0e9d84c25\\StudioMCP.exe",
  "results": [
    {
      "ok": true,
      "flow": "camera-tunnel-zoom-preservation",
      "selectedStudio": {
        "id": "be1067b9-90ed-414f-8f5c-12f467f114bc",
        "name": "PunchWallRPGPlayable_v1_final.rbxlx"
      },
      "selectedPlace": {
        "name": "PunchWallRPGPlayable_v1_final.rbxlx",
        "placeId": "0",
        "datamodelType": "Edit"
      },
      "checks": [
        "start play",
        "wait for camera runtime",
        "player camera uses non-zooming occlusion",
        "replicate a different occlusion policy after client startup",
        "late Zoom replication updates client policy",
        "replicate Invisicam again without restarting the client",
        "late Invisicam replication reinstates zoom and opacity policy",
        "occluding object stays opaque without changing user zoom",
        "capture console",
        "console clean (identified Studio input warnings: 0)",
        "stop play"
      ],
      "consoleClassifications": [
        {
          "source": "console",
          "label": "console clean",
          "ok": true,
          "originalText": "[PunchWallRPG] Studio session is EPHEMERAL by default; live profile reads and writes are disabled.",
          "identifiedToolWarningCount": 0,
          "identifiedToolWarnings": [],
          "retainedLines": [
            {
              "lineNumber": 1,
              "text": "[PunchWallRPG] Studio session is EPHEMERAL by default; live profile reads and writes are disabled."
            }
          ],
          "suspiciousLines": []
        }
      ]
    }
  ]
}
